
Lmod is automatically replacing "gpu/1.0" with "cpu/1.0".

total time (s): 650
total time (hr): .180
