492953d9bdef66486c5111caf48f015690848e46d7f8de0f71bde386b68d4e5e