95cc8ee040690b8abbacb201c8f0d9eeab7d1376db473d62799b5b5c36c71b47