616a126d43f56ecfa0613093ff3a2b545bfa6568cd03cb2ad8bae8595568aeab