8406283ca890663b317e055a1c4b8c18248b2c12388ab0900e6ee6ab12af8abd