bf23c7d9b5a3a68c6fb2ffbc617a596ae65726a17dbd406a4b10acf3247acadc