9fa24d24cf3351f522694c0cf39440efabb4ec65d888284b7048285f3eab9429