292431a52a4f31d9e45ff46e124e74a6306424fb7175dca4166d876d3fd1ae62
