210117e90eb052b6d8860e51bfec3dcdac17d6867d0d067d15222b22f62f083b
