d4fb3897bd712221b8348e6beb7a51cce381906bce7dfd05dc310d2ca8b0ed8f
