
PLAY [localhost] ***************************************************************

TASK [assert] ******************************************************************
ok: [localhost] => {
    "changed": false,
    "msg": "All assertions passed"
}

PLAY RECAP *********************************************************************
localhost                  : ok=1    changed=0    unreachable=0    failed=0    skipped=0    rescued=0    ignored=0

