CAT_NAME: R3BRoot # Passed
CAT_CODE_REPOSITORY: https://github.com/R3BRootGroup/R3BRoot # Passed
CAT_ISSUE_TRACKER: https://github.com/R3BRootGroup/R3BRoot/issues # Passed
CAT_DATE_CREATED: "2009-04-14" # Passed
CAT_DATE_UPDATED: "2024-12-06" # Passed
CAT_DATE_PUBLISHED: "2009-08-01" # Passed
CAT_DOWNLOAD_URL: https://github.com/R3BRootGroup/R3BRoot/archive/refs/tags/dec24.tar.gz # Passed
CAT_README_URL: # Passed
  value: "https://github.com/R3BRootGroup/R3BRoot/blob/dev/README.md"

CAT_KEYWORDS: # Passed
  - Geant4
  - c-plus-plus
  - cmake
  - vmc
  - modular
  - Track reconstruction
  - Simulation
  - Data analysis
  - Structure and dynamics of nuclei
  - Nuclear reactions
  - Nuclear fission
  - Hypernuclei
  - Equation of state
  - Short range NN correlations
  - R3B experiments
  - GSI/FAIR facility
CAT_LICENSE: # Passed
  value: https://spdx.org/licenses/GPL-3.0
CAT_VERSION: 24.0.0 # Passed
CAT_IDENTIFIER: https://doi.org/10.5281/zenodo.5549469 # Passed
CAT_DESCRIPTION: Software for simulations and data analysis of Reactions with Relativistic Radioactive Beams (R3B) experiments at GSI/FAIR # Passed
CAT_REQUIREMENTS: # Passed
  value: FairRoot, FairSoft
  name: Null
  version: Null
CAT_AUTHORS: # Passed
  value: "Jose Luis Rodr\u00edguez-S\u00e1nchez"
  type: String
  email: j.l.rodriguez.sanchez@udc.es
  affiliation: "CITENI, Industrial Campus of Ferrol, University of Coru√±a, 15403 Ferrol, Spain" # Passed
  identifier: https://orcid.org/0000-0002-4702-5294

CAT_REF_PUBLICATION: https://doi.org/10.1088/1742-6596/523/1/012034 # Passed
