---
source: crates/djls-templates/src/parser.rs
expression: test_nodelist
---
nodelist:
  - type: Tag
    name: if
    bits:
      - user.is_authenticated
    span:
      - 2
      - 26
    full_span:
      - 0
      - 30
  - type: Text
    span:
      - 30
      - 7
    full_span:
      - 30
      - 7
  - type: Tag
    name: endif
    bits: []
    span:
      - 39
      - 7
    full_span:
      - 37
      - 11
