---
source: crates/djls-templates/src/lexer.rs
expression: snapshot
---
- Variable:
    content: " user.name "
    span:
      - 2
      - 11
    full_span:
      - 0
      - 15
- Newline:
    span:
      - 15
      - 1
- Block:
    content: " if true "
    span:
      - 18
      - 9
    full_span:
      - 16
      - 13
- Newline:
    span:
      - 29
      - 1
- Comment:
    content: " comment "
    span:
      - 32
      - 9
    full_span:
      - 30
      - 13
- Newline:
    span:
      - 43
      - 1
- Text:
    content: "<!-- html comment -->"
    span:
      - 44
      - 21
    full_span:
      - 44
      - 21
- Newline:
    span:
      - 65
      - 1
- Text:
    content: "<div>text</div>"
    span:
      - 66
      - 15
    full_span:
      - 66
      - 15
- Eof
