
Lmod is automatically replacing "gpu/1.0" with "cpu/1.0".

total time (s): 2344
total time (hr): .651
