{"mode": "applied", "file_path": "/private/var/folders/yj/7kyhyl8s3ql8bb1vjwkh_8pr0000gp/T/dbt_autofix_test_project_behavior_changes_vuylu85p/project_behavior_changes/models/example/schema.yml", "refactors": [{"deprecation": "ResourceNamesWithSpacesDeprecation", "log": "Model 'model with spaces' - Updated 'name' from 'model with spaces' to 'model_with_spaces'."}, {"deprecation": "ExposureNameDeprecation", "log": "Exposure 'exposure with spaces' - Updated 'name' from 'exposure with spaces' to 'exposure_with_spaces'."}]}
{"mode": "applied", "file_path": "/var/folders/yj/7kyhyl8s3ql8bb1vjwkh_8pr0000gp/T/dbt_autofix_test_project_behavior_changes_vuylu85p/project_behavior_changes/dbt_project.yml", "refactors": [{"deprecation": "SourceFreshnessProjectHooksNotRun", "log": "Set flag 'source_freshness_run_project_hooks' to 'True' - This will run project hooks (on-run-start/on-run-end) as part of source freshness commands."}]}
{"mode": "applied", "file_path": "/private/var/folders/yj/7kyhyl8s3ql8bb1vjwkh_8pr0000gp/T/dbt_autofix_test_project_behavior_changes_vuylu85p/project_behavior_changes/models/example/model with spaces.sql", "refactors": [{"deprecation": "ResourceNamesWithSpacesDeprecation", "log": "Renamed 'model with spaces.sql' to 'model_with_spaces.sql'"}], "warnings": []}
{"mode": "complete"}
