---
source: crates/djls-templates/src/lexer.rs
expression: snapshot
---
- Text:
    content: "<style type=\"text/css\">"
    span:
      - 0
      - 23
    full_span:
      - 0
      - 23
- Newline:
    span:
      - 23
      - 1
- Whitespace:
    span:
      - 24
      - 4
- Text:
    content: /* Header styles */
    span:
      - 28
      - 19
    full_span:
      - 28
      - 19
- Newline:
    span:
      - 47
      - 1
- Whitespace:
    span:
      - 48
      - 4
- Text:
    content: ".header {"
    span:
      - 52
      - 9
    full_span:
      - 52
      - 9
- Newline:
    span:
      - 61
      - 1
- Whitespace:
    span:
      - 62
      - 8
- Text:
    content: "color: blue;"
    span:
      - 70
      - 12
    full_span:
      - 70
      - 12
- Newline:
    span:
      - 82
      - 1
- Whitespace:
    span:
      - 83
      - 4
- Text:
    content: "}"
    span:
      - 87
      - 1
    full_span:
      - 87
      - 1
- Newline:
    span:
      - 88
      - 1
- Text:
    content: "</style>"
    span:
      - 89
      - 8
    full_span:
      - 89
      - 8
- Eof
