---
source: crates/djls-templates/src/parser.rs
expression: test_nodelist
---
nodelist:
  - type: Tag
    name: url
    bits:
      - "'view-name'"
      - as
      - view
    span:
      - 2
      - 25
    full_span:
      - 0
      - 29
