---
source: crates/djls-templates/src/parser.rs
expression: test_nodelist
---
nodelist:
  - type: Error
    span:
      - 2
      - 5
    full_span:
      - 0
      - 7
    error:
      MalformedConstruct:
        position: 0
        content: " user"
