---
source: crates/djls-templates/src/parser.rs
expression: test_nodelist
---
nodelist:
  - type: Text
    span:
      - 0
      - 142
    full_span:
      - 0
      - 142
