---
source: crates/djls-templates/src/lexer.rs
expression: snapshot
---
- Text:
    content: "<style>body { color: blue; "
    span:
      - 0
      - 27
    full_span:
      - 0
      - 27
- Eof
