---
source: crates/djls-templates/src/parser.rs
expression: test_nodelist
---
nodelist:
  - type: Tag
    name: if
    bits:
      - x
      - ">"
      - "0"
    span:
      - 2
      - 10
    full_span:
      - 0
      - 14
  - type: Text
    span:
      - 14
      - 8
    full_span:
      - 14
      - 8
  - type: Tag
    name: elif
    bits:
      - x
      - "<"
      - "0"
    span:
      - 24
      - 12
    full_span:
      - 22
      - 16
  - type: Text
    span:
      - 38
      - 8
    full_span:
      - 38
      - 8
  - type: Tag
    name: else
    bits: []
    span:
      - 48
      - 6
    full_span:
      - 46
      - 10
  - type: Text
    span:
      - 56
      - 4
    full_span:
      - 56
      - 4
  - type: Tag
    name: endif
    bits: []
    span:
      - 62
      - 7
    full_span:
      - 60
      - 11
