---
source: crates/djls-templates/src/parser.rs
expression: test_nodelist
---
nodelist:
  - type: Tag
    name: for
    bits:
      - item
      - in
      - items
    span:
      - 2
      - 19
    full_span:
      - 0
      - 23
  - type: Tag
    name: if
    bits:
      - item.active
    span:
      - 25
      - 16
    full_span:
      - 23
      - 20
  - type: Variable
    var: item.name
    filters: []
    span:
      - 45
      - 11
    full_span:
      - 43
      - 15
  - type: Tag
    name: endif
    bits: []
    span:
      - 60
      - 7
    full_span:
      - 58
      - 11
  - type: Tag
    name: endfor
    bits: []
    span:
      - 71
      - 8
    full_span:
      - 69
      - 12
