ef4f5380ffaa634a6af1177717d874331af1e66cb4d8928611703809b3ee5dab
