
Lmod is automatically replacing "gpu/1.0" with "cpu/1.0".

total time (s): 3618
total time (hr): 1.005
