42b9d1371f692ed06df503967ddda9c11518325f2d856ba33069e41cec4e10e4