16c0dace226ce67f3b08dad7cd51ed672fb084c7cb74e358771c226490c8cd35